\BOOKMARK [0][-]{chapter.1}{\376\377\000D\000e\000s\000c\000r\000i\000p\000t\000i\000o\000n\000\040\000e\000t\000\040\000l\000i\000s\000t\000e\000\040\000d\000e\000s\000\040\000f\000o\000n\000c\000t\000i\000o\000n\000n\000a\000l\000i\000t\000\351\000s}{}% 1
\BOOKMARK [1][-]{section.1.1}{\376\377\000P\000o\000i\000n\000t\000s\000\040\000f\000o\000r\000t\000s\000\040\000d\000e\000s\000\040\000f\000o\000n\000c\000t\000i\000o\000n\000n\000a\000l\000i\000t\000\351\000s\000\040\000d\000u\000\040\000T\000o\000M\000+}{chapter.1}% 2
\BOOKMARK [2][-]{subsection.1.1.1}{\376\377\000U\000n\000\040\000n\000o\000u\000v\000e\000a\000u\000\040\000t\000a\000b\000l\000e\000a\000u\000\040\000d\000e\000\040\000b\000o\000r\000d\000\040\000p\000o\000u\000r\000\040\000T\000w\000i\000z\000y}{section.1.1}% 3
\BOOKMARK [2][-]{subsection.1.1.2}{\376\377\000C\000o\000n\000n\000e\000c\000t\000i\000v\000i\000t\000\351\000\040\000W\000i\000F\000i}{section.1.1}% 4
\BOOKMARK [2][-]{subsection.1.1.3}{\376\377\000A\000p\000p\000l\000i\000c\000a\000t\000i\000o\000n\000\040\000s\000m\000a\000r\000t\000p\000h\000o\000n\000e\000\040\000T\000o\000M}{section.1.1}% 5
\BOOKMARK [2][-]{subsection.1.1.4}{\376\377\000A\000p\000e\000r\000\347\000u\000\040\000r\000a\000p\000i\000d\000e\000\040\000d\000e\000\040\000l\000a\000\040\000c\000o\000n\000s\000o\000m\000m\000a\000t\000i\000o\000n}{section.1.1}% 6
\BOOKMARK [1][-]{section.1.2}{\376\377\000K\000i\000t\000\040\000T\000o\000M\000+\000\040\000f\000o\000u\000r\000n\000i}{chapter.1}% 7
\BOOKMARK [2][-]{subsection.1.2.1}{\376\377\000L\000e\000\040\000b\000o\000\356\000t\000i\000e\000r\000\040\000n\000o\000i\000r\000\040\000\050\000B\000l\000a\000c\000k\000\040\000B\000o\000x\000\051}{section.1.2}% 8
\BOOKMARK [2][-]{subsection.1.2.2}{\376\377\000L\000e\000\040\000c\000o\000n\000n\000e\000c\000t\000e\000u\000r\000\040\000d\000'\000e\000x\000t\000e\000n\000s\000i\000o\000n}{section.1.2}% 9
\BOOKMARK [2][-]{subsection.1.2.3}{\376\377\000L\000'\000\351\000c\000r\000a\000n\000\040\000L\000C\000D\000\040\000e\000t\000\040\000s\000o\000n\000\040\000s\000u\000p\000p\000o\000r\000t}{section.1.2}% 10
\BOOKMARK [2][-]{subsection.1.2.4}{\376\377\000C\000o\000m\000p\000o\000s\000a\000n\000t\000s\000\040\000u\000t\000i\000l\000e\000s\000\040\000s\000u\000p\000p\000l\000\351\000m\000e\000n\000t\000a\000i\000r\000e\000s}{section.1.2}% 11
\BOOKMARK [0][-]{chapter.2}{\376\377\000I\000n\000s\000t\000a\000l\000l\000a\000t\000i\000o\000n\000\040\000d\000u\000\040\000T\000w\000i\000z\000\040\000O\000'\000\040\000M\000e\000t\000e\000r\000\040\000s\000u\000r\000\040\000v\000o\000t\000r\000e\000\040\000v\000\351\000h\000i\000c\000u\000l\000e}{}% 12
\BOOKMARK [1][-]{section.2.1}{\376\377\000P\000o\000s\000i\000t\000i\000o\000n\000n\000e\000m\000e\000n\000t\000\040\000d\000e\000\040\000l\000'\000\351\000c\000r\000a\000n\000\040\000L\000C\000D}{chapter.2}% 13
\BOOKMARK [2][-]{subsection.2.1.1}{\376\377\000M\000o\000d\000e\000\040\000\340\000\040\000c\000l\000i\000p\000s\000e\000r}{section.2.1}% 14
\BOOKMARK [2][-]{subsection.2.1.2}{\376\377\000M\000o\000d\000e\000\040\000s\000u\000p\000p\000o\000r\000t\000\040\0003\000D}{section.2.1}% 15
\BOOKMARK [2][-]{subsection.2.1.3}{\376\377\000R\000a\000c\000c\000o\000r\000d\000e\000m\000e\000n\000t\000\040\000d\000u\000\040\000c\000\342\000b\000l\000e}{section.2.1}% 16
\BOOKMARK [1][-]{section.2.2}{\376\377\000P\000o\000s\000i\000t\000i\000o\000n\000n\000e\000m\000e\000n\000t\000\040\000d\000u\000\040\000b\000o\000\356\000t\000i\000e\000r\000\040\000n\000o\000i\000r}{chapter.2}% 17
\BOOKMARK [0][-]{chapter.3}{\376\377\000E\000x\000p\000l\000i\000c\000a\000t\000i\000o\000n\000\040\000d\000e\000\040\000l\000'\000i\000n\000t\000e\000r\000f\000a\000c\000e\000\040\000u\000t\000i\000l\000i\000s\000a\000t\000e\000u\000r\000\040\000d\000e\000\040\000b\000a\000s\000e}{}% 18
\BOOKMARK [1][-]{section.3.1}{\376\377\000L\000i\000s\000t\000e\000\040\000d\000e\000\040\000l\000a\000\040\000s\000i\000g\000n\000i\000f\000i\000c\000a\000t\000i\000o\000n\000\040\000d\000e\000s\000\040\000i\000c\000\364\000n\000e\000s}{chapter.3}% 19
\BOOKMARK [2][-]{subsection.3.1.1}{\376\377\000I\000c\000\364\000n\000e\000s\000\040\000d\000e\000\040\000p\000a\000g\000e}{section.3.1}% 20
\BOOKMARK [2][-]{subsection.3.1.2}{\376\377\000G\000r\000o\000u\000p\000e\000\040\000B\000a\000t\000t\000e\000r\000i\000e}{section.3.1}% 21
\BOOKMARK [2][-]{subsection.3.1.3}{\376\377\000G\000r\000o\000u\000p\000e\000\040\000R\000e\000c\000h\000a\000r\000g\000e}{section.3.1}% 22
\BOOKMARK [2][-]{subsection.3.1.4}{\376\377\000G\000r\000o\000u\000p\000e\000\040\000M\000o\000t\000e\000u\000r}{section.3.1}% 23
\BOOKMARK [2][-]{subsection.3.1.5}{\376\377\000G\000r\000o\000u\000p\000e\000\040\000P\000o\000r\000t\000\040\000d\000'\000e\000x\000t\000e\000n\000s\000i\000o\000n}{section.3.1}% 24
\BOOKMARK [2][-]{subsection.3.1.6}{\376\377\000G\000r\000o\000u\000p\000e\000\040\000G\000y\000r\000o\000s\000c\000o\000p\000e}{section.3.1}% 25
\BOOKMARK [2][-]{subsection.3.1.7}{\376\377\000G\000r\000o\000u\000p\000e\000\040\000T\000r\000a\000j\000e\000t}{section.3.1}% 26
\BOOKMARK [2][-]{subsection.3.1.8}{\376\377\000G\000r\000o\000u\000p\000e\000\040\000T\000a\000b\000l\000e\000a\000u\000\040\000d\000e\000\040\000b\000o\000r\000d}{section.3.1}% 27
\BOOKMARK [1][-]{section.3.2}{\376\377\000P\000a\000g\000e\000\040\000d\000u\000\040\000t\000a\000b\000l\000e\000a\000u\000\040\000d\000e\000\040\000b\000o\000r\000d}{chapter.3}% 28
\BOOKMARK [1][-]{section.3.3}{\376\377\000L\000a\000\040\000d\000i\000s\000p\000o\000s\000i\000t\000i\000o\000n\000\040\000d\000e\000s\000\040\000p\000a\000g\000e\000s}{chapter.3}% 29
\BOOKMARK [2][-]{subsection.3.3.1}{\376\377\000C\000h\000a\000n\000g\000e\000r\000\040\000l\000a\000\040\000d\000o\000n\000n\000\351\000e\000\040\000a\000u\000\040\000p\000r\000e\000m\000i\000e\000r\000\040\000p\000l\000a\000n}{section.3.3}% 30
\BOOKMARK [2][-]{subsection.3.3.2}{\376\377\000C\000h\000a\000n\000g\000e\000r\000\040\000d\000e\000\040\000p\000a\000g\000e\000\040\000a\000c\000t\000i\000v\000e}{section.3.3}% 31
\BOOKMARK [2][-]{subsection.3.3.3}{\376\377\000L\000a\000\040\000b\000a\000r\000r\000e\000\040\000d\000'\000i\000c\000\364\000n\000e\000s\000\040\000d\000'\000\351\000t\000a\000t}{section.3.3}% 32
\BOOKMARK [2][-]{subsection.3.3.4}{\376\377\000F\000e\000n\000\352\000t\000r\000e\000s\000\040\000s\000u\000r\000g\000i\000s\000s\000a\000n\000t\000e\000s\000\040\000\050\000P\000o\000p\000-\000u\000p\000s\000\051}{section.3.3}% 33
\BOOKMARK [1][-]{section.3.4}{\376\377\000L\000a\000\040\000p\000a\000g\000e\000\040\000d\000'\000i\000n\000f\000o\000r\000m\000a\000t\000i\000o\000n\000s\000\040\000s\000u\000r\000\040\000l\000a\000\040\000b\000a\000t\000t\000e\000r\000i\000e}{chapter.3}% 34
\BOOKMARK [2][-]{subsection.3.4.1}{\376\377\000V\000\351\000r\000i\000f\000i\000c\000a\000t\000i\000o\000n\000\040\000d\000e\000\040\000l\000a\000\040\000t\000e\000n\000s\000i\000o\000n\000\040\000e\000t\000\040\000d\000e\000\040\000l\000a\000\040\000t\000e\000m\000p\000\351\000r\000a\000t\000u\000r\000e}{section.3.4}% 35
\BOOKMARK [2][-]{subsection.3.4.2}{\376\377\000L\000a\000\040\000p\000a\000g\000e\000\040\000d\000'\000i\000n\000f\000o\000r\000m\000a\000t\000i\000o\000n\000s\000\040\000c\000o\000n\000d\000e\000n\000s\000\351\000e\000s\000\040\000d\000e\000\040\000l\000a\000\040\000b\000a\000t\000t\000e\000r\000i\000e}{section.3.4}% 36
\BOOKMARK [1][-]{section.3.5}{\376\377\000L\000a\000\040\000p\000a\000g\000e\000\040\000d\000u\000\040\000j\000o\000u\000r\000n\000a\000l\000\040\000d\000e\000s\000\040\000a\000l\000a\000r\000m\000e\000s}{chapter.3}% 37
\BOOKMARK [2][-]{subsection.3.5.1}{\376\377\000V\000\351\000r\000i\000f\000i\000c\000a\000t\000i\000o\000n\000\040\000d\000e\000s\000\040\000d\000\351\000c\000l\000e\000n\000c\000h\000e\000m\000e\000n\000t\000s\000\040\000d\000'\000a\000l\000a\000r\000m\000e\000s\000\040\000p\000l\000u\000s\000\040\000a\000n\000c\000i\000e\000n\000s}{section.3.5}% 38
\BOOKMARK [2][-]{subsection.3.5.2}{\376\377\000S\000u\000p\000p\000r\000e\000s\000s\000i\000o\000n\000\040\000d\000'\000u\000n\000\040\000d\000\351\000c\000l\000e\000n\000c\000h\000e\000u\000r\000\040\000d\000'\000a\000l\000a\000r\000m\000e}{section.3.5}% 39
\BOOKMARK [1][-]{section.3.6}{\376\377\000L\000a\000\040\000p\000a\000g\000e\000\040\000d\000u\000\040\000t\000r\000a\000j\000e\000t}{chapter.3}% 40
\BOOKMARK [2][-]{subsection.3.6.1}{\376\377\000C\000h\000a\000n\000g\000e\000r\000\040\000l\000e\000\040\000t\000r\000a\000j\000e\000t\000\040\000e\000n\000\040\000c\000o\000u\000r\000s}{section.3.6}% 41
\BOOKMARK [2][-]{subsection.3.6.2}{\376\377\000D\000\351\000s\000a\000c\000t\000i\000v\000e\000r\000\040\000l\000'\000e\000n\000r\000e\000g\000i\000s\000t\000r\000e\000m\000e\000n\000t\000\040\000d\000u\000\040\000t\000r\000a\000j\000e\000t}{section.3.6}% 42
\BOOKMARK [2][-]{subsection.3.6.3}{\376\377\000R\000\351\000i\000n\000i\000t\000i\000a\000l\000i\000s\000e\000r\000\040\000u\000n\000\040\000t\000r\000a\000j\000e\000t}{section.3.6}% 43
\BOOKMARK [1][-]{section.3.7}{\376\377\000L\000a\000\040\000p\000a\000g\000e\000\040\000d\000e\000\040\000l\000'\000h\000i\000s\000t\000o\000r\000i\000q\000u\000e\000\040\000d\000e\000s\000\040\000t\000r\000a\000j\000e\000t\000s}{chapter.3}% 44
\BOOKMARK [2][-]{subsection.3.7.1}{\376\377\000C\000o\000m\000m\000e\000n\000t\000\040\000a\000c\000c\000\351\000d\000e\000r\000\040\000\340\000\040\000l\000a\000\040\000p\000a\000g\000e\000\040\000d\000e\000\040\000l\000'\000h\000i\000s\000t\000o\000r\000i\000q\000u\000e\000\040\000d\000e\000s\000\040\000t\000r\000a\000j\000e\000t\000s}{section.3.7}% 45
\BOOKMARK [2][-]{subsection.3.7.2}{\376\377\000C\000o\000m\000m\000a\000n\000d\000e\000s\000\040\000p\000r\000i\000n\000c\000i\000p\000a\000l\000e\000s\000\040\000d\000e\000\040\000l\000a\000\040\000p\000a\000g\000e\000\040\000d\000'\000h\000i\000s\000t\000o\000r\000i\000q\000u\000e\000\040\000d\000e\000s\000\040\000t\000r\000a\000j\000e\000t\000s}{section.3.7}% 46
\BOOKMARK [1][-]{section.3.8}{\376\377\000L\000a\000\040\000p\000a\000g\000e\000\040\000d\000'\000e\000r\000r\000e\000u\000r}{chapter.3}% 47
\BOOKMARK [2][-]{subsection.3.8.1}{\376\377\000C\000o\000m\000m\000e\000n\000t\000\040\000a\000c\000c\000\351\000d\000e\000r\000\040\000\340\000\040\000l\000a\000\040\000p\000a\000g\000e\000\040\000d\000'\000e\000r\000r\000e\000u\000r}{section.3.8}% 48
\BOOKMARK [2][-]{subsection.3.8.2}{\376\377\000C\000o\000m\000m\000a\000n\000d\000e\000s\000\040\000p\000r\000i\000n\000c\000i\000p\000a\000l\000e\000s\000\040\000d\000e\000\040\000l\000a\000\040\000p\000a\000g\000e\000\040\000d\000'\000e\000r\000r\000e\000u\000r}{section.3.8}% 49
\BOOKMARK [1][-]{section.3.9}{\376\377\000L\000a\000\040\000p\000a\000g\000e\000\040\000d\000e\000\040\000r\000e\000c\000h\000a\000r\000g\000e}{chapter.3}% 50
\BOOKMARK [1][-]{section.3.10}{\376\377\000L\000a\000\040\000p\000a\000g\000e\000\040\000d\000e\000s\000\040\000p\000a\000r\000a\000m\000\350\000t\000r\000e\000s}{chapter.3}% 51
\BOOKMARK [2][-]{subsection.3.10.1}{\376\377\000P\000r\000e\000m\000i\000\350\000r\000e\000\040\000p\000a\000g\000e\000\040\000d\000e\000s\000\040\000p\000a\000r\000a\000m\000\350\000t\000r\000e\000s}{section.3.10}% 52
\BOOKMARK [2][-]{subsection.3.10.2}{\376\377\000S\000e\000c\000o\000n\000d\000e\000\040\000p\000a\000g\000e\000\040\000d\000e\000s\000\040\000p\000a\000r\000a\000m\000\350\000t\000r\000e\000s}{section.3.10}% 53
\BOOKMARK [2][-]{subsection.3.10.3}{\376\377\000L\000e\000\040\000m\000e\000n\000u\000\040\000d\000u\000\040\000c\000\364\000t\000\351\000\040\000d\000r\000o\000i\000t}{section.3.10}% 54
\BOOKMARK [0][-]{chapter.4}{\376\377\000C\000o\000n\000f\000i\000g\000u\000r\000a\000t\000i\000o\000n\000s\000\040\000a\000v\000a\000n\000c\000\351\000e\000s\000\040\000d\000e\000\040\000T\000o\000M\000+}{}% 55
\BOOKMARK [1][-]{section.4.1}{\376\377\000L\000a\000\040\000p\000a\000g\000e\000\040\000d\000e\000s\000\040\000p\000a\000r\000a\000m\000\350\000t\000r\000e\000s\000\040\000W\000i\000-\000F\000i}{chapter.4}% 56
\BOOKMARK [2][-]{subsection.4.1.1}{\376\377\000A\000v\000a\000n\000t\000a\000g\000e\000s\000\040\000d\000u\000\040\000W\000i\000-\000F\000i\000\040\000T\000o\000M\000+}{section.4.1}% 57
\BOOKMARK [2][-]{subsection.4.1.2}{\376\377\000A\000j\000o\000u\000t\000e\000r\000\040\000u\000n\000\040\000p\000r\000o\000f\000i\000l\000\040\000d\000e\000\040\000c\000o\000n\000n\000e\000x\000i\000o\000n\000\040\000W\000i\000-\000F\000i}{section.4.1}% 58
\BOOKMARK [2][-]{subsection.4.1.3}{\376\377\000V\000\351\000r\000i\000f\000i\000e\000r\000\040\000l\000a\000\040\000c\000o\000n\000n\000e\000x\000i\000o\000n\000\040\000W\000i\000-\000F\000i}{section.4.1}% 59
\BOOKMARK [2][-]{subsection.4.1.4}{\376\377\000A\000c\000t\000i\000v\000e\000r\000/\000D\000\351\000s\000a\000c\000t\000i\000v\000e\000r\000\040\000l\000e\000s\000\040\000f\000o\000n\000c\000t\000i\000o\000n\000n\000a\000l\000i\000t\000\351\000s\000\040\000W\000i\000-\000F\000i}{section.4.1}% 60
\BOOKMARK [1][-]{section.4.2}{\376\377\000L\000a\000\040\000p\000a\000g\000e\000\040\000d\000e\000s\000\040\000p\000a\000r\000a\000m\000\350\000t\000r\000e\000s\000\040\000M\000Q\000T\000T}{chapter.4}% 61
\BOOKMARK [2][-]{subsection.4.2.1}{\376\377\000B\000r\000\350\000v\000e\000\040\000e\000x\000p\000l\000i\000c\000a\000t\000i\000o\000n\000\040\000d\000u\000\040\000p\000r\000o\000t\000o\000c\000o\000l\000e\000\040\000M\000Q\000T\000T}{section.4.2}% 62
\BOOKMARK [2][-]{subsection.4.2.2}{\376\377\000C\000o\000m\000m\000u\000n\000i\000c\000a\000t\000i\000o\000n\000s\000\040\000T\000o\000M\000+\000\040\000e\000t\000\040\000M\000Q\000T\000T}{section.4.2}% 63
\BOOKMARK [2][-]{subsection.4.2.3}{\376\377\000C\000o\000n\000f\000i\000g\000u\000r\000a\000t\000i\000o\000n\000\040\000d\000'\000u\000n\000\040\000b\000r\000o\000k\000e\000r\000\040\000g\000r\000a\000t\000u\000i\000t\000\040\000M\000Q\000T\000T}{section.4.2}% 64
\BOOKMARK [2][-]{subsection.4.2.4}{\376\377\000C\000o\000n\000n\000e\000c\000t\000e\000r\000\040\000T\000o\000M\000+\000\040\000a\000u\000\040\000b\000r\000o\000k\000e\000r\000\040\000M\000Q\000T\000T}{section.4.2}% 65
\BOOKMARK [2][-]{subsection.4.2.5}{\376\377\000A\000c\000t\000i\000v\000e\000r\000/\000D\000\351\000s\000a\000c\000t\000i\000v\000e\000r\000\040\000l\000e\000s\000\040\000f\000o\000n\000c\000t\000i\000o\000n\000n\000a\000l\000i\000t\000\351\000s\000\040\000M\000Q\000T\000T}{section.4.2}% 66
\BOOKMARK [2][-]{subsection.4.2.6}{\376\377\000V\000\351\000r\000i\000f\000i\000e\000r\000\040\000l\000a\000\040\000c\000o\000n\000n\000e\000x\000i\000o\000n\000\040\000M\000Q\000T\000T\000\040\000d\000e\000\040\000T\000o\000M\000+}{section.4.2}% 67
\BOOKMARK [1][-]{section.4.3}{\376\377\000L\000a\000\040\000p\000a\000g\000e\000\040\000C\000l\000a\000v\000i\000e\000r}{chapter.4}% 68
\BOOKMARK [2][-]{subsection.4.3.1}{\376\377\000L\000e\000\040\000c\000l\000a\000v\000i\000e\000r\000\040\000n\000u\000m\000\351\000r\000i\000q\000u\000e\000\040\000u\000n\000i\000q\000u\000e\000m\000e\000n\000t}{section.4.3}% 69
\BOOKMARK [1][-]{section.4.4}{\376\377\000L\000e\000\040\000s\000e\000r\000v\000e\000u\000r\000\040\000w\000e\000b}{chapter.4}% 70
\BOOKMARK [2][-]{subsection.4.4.1}{\376\377\000L\000a\000\040\000p\000a\000g\000e\000\040\000d\000'\000a\000c\000c\000u\000e\000i\000l}{section.4.4}% 71
\BOOKMARK [2][-]{subsection.4.4.2}{\376\377\000A\000c\000c\000\351\000d\000e\000r\000\040\000a\000u\000\040\000s\000e\000r\000v\000e\000u\000r\000\040\000w\000e\000b}{section.4.4}% 72
\BOOKMARK [2][-]{subsection.4.4.3}{\376\377\000C\000h\000a\000n\000g\000e\000r\000\040\000l\000e\000\040\000m\000o\000t\000\040\000d\000e\000\040\000p\000a\000s\000s\000e\000\040\000d\000u\000\040\000s\000e\000r\000v\000e\000u\000r\000\040\000w\000e\000b}{section.4.4}% 73
\BOOKMARK [2][-]{subsection.4.4.4}{\376\377\000P\000a\000g\000e\000\040\000d\000u\000\040\000m\000o\000n\000i\000t\000e\000u\000r\000\040\000d\000e\000\040\000d\000o\000n\000n\000\351\000e\000s}{section.4.4}% 74
\BOOKMARK [2][-]{subsection.4.4.5}{\376\377\000P\000a\000g\000e\000\040\000d\000e\000\040\000l\000'\000h\000i\000s\000t\000o\000r\000i\000q\000u\000e\000\040\000d\000e\000s\000\040\000t\000r\000a\000j\000e\000t\000s}{section.4.4}% 75
\BOOKMARK [2][-]{subsection.4.4.6}{\376\377\000P\000a\000g\000e\000\040\000d\000e\000s\000\040\000p\000a\000r\000a\000m\000\350\000t\000r\000e\000s\000\040\000r\000\351\000s\000e\000a\000u}{section.4.4}% 76
\BOOKMARK [2][-]{subsection.4.4.7}{\376\377\000P\000a\000g\000e\000\040\000d\000e\000s\000\040\000p\000a\000r\000a\000m\000\350\000t\000r\000e\000s\000\040\000d\000'\000e\000x\000t\000e\000n\000s\000i\000o\000n}{section.4.4}% 77
\BOOKMARK [2][-]{subsection.4.4.8}{\376\377\000P\000a\000g\000e\000\040\000d\000e\000s\000\040\000d\000\351\000c\000l\000e\000n\000c\000h\000e\000u\000r\000s\000\040\000d\000'\000a\000l\000a\000r\000m\000e}{section.4.4}% 78
\BOOKMARK [2][-]{subsection.4.4.9}{\376\377\000P\000a\000g\000e\000\040\000d\000u\000\040\000j\000o\000u\000r\000n\000a\000l\000\040\000d\000e\000s\000\040\000a\000l\000a\000r\000m\000e\000s}{section.4.4}% 79
\BOOKMARK [2][-]{subsection.4.4.10}{\376\377\000P\000a\000g\000e\000\040\000d\000e\000s\000\040\000m\000i\000s\000e\000s\000\040\000\340\000\040\000j\000o\000u\000r\000\040\000O\000T\000A\000\040\000\046\000\040\000P\000r\000\351\000f\000\351\000r\000e\000n\000c\000e\000s}{section.4.4}% 80
\BOOKMARK [2][-]{subsection.4.4.11}{\376\377\000P\000a\000g\000e\000\040\000d\000e\000s\000\040\000i\000n\000f\000o\000s\000\040\000e\000t\000\040\000r\000\351\000g\000l\000a\000g\000e\000s\000\040\000a\000v\000a\000n\000c\000\351\000s}{section.4.4}% 81
\BOOKMARK [2][-]{subsection.4.4.12}{\376\377\000P\000r\000\351\000f\000\351\000r\000e\000n\000c\000e\000s\000\040\000d\000e\000\040\000c\000h\000a\000r\000g\000e\000\040\000\046\000\040\000J\000o\000u\000r\000n\000a\000l}{section.4.4}% 82
\BOOKMARK [2][-]{subsection.4.4.13}{\376\377\000P\000a\000g\000e\000\040\000H\000e\000u\000r\000e\000\040\000\046\000\040\000D\000a\000t\000e}{section.4.4}% 83
\BOOKMARK [2][-]{subsection.4.4.14}{\376\377\000P\000a\000g\000e\000\040\000d\000e\000s\000\040\000r\000\351\000g\000l\000a\000g\000e\000s\000\040\000B\000i\000g\000T\000o\000M\000\040\000/\000\040\000T\000o\000M\000+}{section.4.4}% 84
\BOOKMARK [2][-]{subsection.4.4.15}{\376\377\000P\000a\000g\000e\000\040\000d\000e\000\040\000d\000i\000a\000g\000n\000o\000s\000t\000i\000c}{section.4.4}% 85
\BOOKMARK [0][-]{chapter.5}{\376\377\000C\000o\000m\000m\000e\000n\000t\000\040\000m\000e\000t\000t\000r\000e\000\040\000\340\000\040\000j\000o\000u\000r\000\040\000l\000e\000\040\000f\000i\000r\000m\000w\000a\000r\000e\000\040\000d\000e\000\040\000v\000o\000t\000r\000e\000\040\000T\000o\000M\000+}{}% 86
\BOOKMARK [1][-]{section.5.1}{\376\377\000P\000r\000\351\000r\000e\000q\000u\000i\000s\000\040\000a\000v\000a\000n\000t\000\040\000l\000a\000\040\000m\000i\000s\000e\000\040\000\340\000\040\000j\000o\000u\000r}{chapter.5}% 87
\BOOKMARK [2][-]{subsection.5.1.1}{\376\377\000P\000o\000u\000r\000q\000u\000o\000i\000\040\000d\000e\000v\000r\000a\000i\000s\000-\000j\000e\000\040\000m\000e\000t\000t\000r\000e\000\040\000\340\000\040\000j\000o\000u\000r\000\040\000?}{section.5.1}% 88
\BOOKMARK [2][-]{subsection.5.1.2}{\376\377\000D\000e\000\040\000q\000u\000o\000i\000\040\000a\000i\000-\000j\000e\000\040\000b\000e\000s\000o\000i\000n\000\040\000p\000o\000u\000r\000\040\000l\000a\000\040\000m\000i\000s\000e\000\040\000\340\000\040\000j\000o\000u\000r\000\040\000?}{section.5.1}% 89
\BOOKMARK [2][-]{subsection.5.1.3}{\376\377\000\300\000\040\000q\000u\000o\000i\000\040\000r\000e\000s\000s\000e\000m\000b\000l\000e\000n\000t\000\040\000l\000e\000s\000\040\000f\000i\000c\000h\000i\000e\000r\000s\000\040\000d\000e\000\040\000m\000i\000s\000e\000\040\000\340\000\040\000j\000o\000u\000r\000\040\000?}{section.5.1}% 90
\BOOKMARK [2][-]{subsection.5.1.4}{\376\377\000Q\000u\000e\000\040\000d\000o\000i\000s\000-\000j\000e\000\040\000s\000a\000v\000o\000i\000r\000\040\000a\000v\000a\000n\000t\000\040\000l\000a\000\040\000m\000i\000s\000e\000\040\000\340\000\040\000j\000o\000u\000r\000\040\000?}{section.5.1}% 91
\BOOKMARK [1][-]{section.5.2}{\376\377\000M\000i\000s\000e\000\040\000\340\000\040\000j\000o\000u\000r\000\040\000d\000u\000\040\000f\000i\000r\000m\000w\000a\000r\000e\000\040\000d\000e\000\040\000l\000'\000\351\000c\000r\000a\000n\000\040\000L\000C\000D}{chapter.5}% 92
\BOOKMARK [2][-]{subsection.5.2.1}{\376\377\000P\000r\000\351\000p\000a\000r\000a\000t\000i\000o\000n\000\040\000d\000e\000\040\000l\000a\000\040\000c\000a\000r\000t\000e\000\040\000m\000i\000c\000r\000o\000S\000D}{section.5.2}% 93
\BOOKMARK [2][-]{subsection.5.2.2}{\376\377\000I\000n\000s\000e\000r\000t\000i\000o\000n\000\040\000d\000e\000\040\000l\000a\000\040\000c\000a\000r\000t\000e\000\040\000m\000i\000c\000r\000o\000S\000D}{section.5.2}% 94
\BOOKMARK [2][-]{subsection.5.2.3}{\376\377\000D\000\351\000r\000o\000u\000l\000e\000m\000e\000n\000t\000\040\000d\000e\000\040\000l\000a\000\040\000m\000i\000s\000e\000\040\000\340\000\040\000j\000o\000u\000r}{section.5.2}% 95
\BOOKMARK [1][-]{section.5.3}{\376\377\000M\000i\000s\000e\000\040\000\340\000\040\000j\000o\000u\000r\000\040\000d\000u\000\040\000f\000i\000r\000m\000w\000a\000r\000e\000\040\000d\000u\000\040\000b\000o\000\356\000t\000i\000e\000r\000\040\000n\000o\000i\000r\000\040\000\050\000W\000i\000n\000d\000o\000w\000s\000\051}{chapter.5}% 96
\BOOKMARK [2][-]{subsection.5.3.1}{\376\377\000P\000r\000\351\000p\000a\000r\000a\000t\000i\000o\000n\000\040\000d\000e\000\040\000l\000'\000o\000r\000d\000i\000n\000a\000t\000e\000u\000r}{section.5.3}% 97
\BOOKMARK [2][-]{subsection.5.3.2}{\376\377\000D\000\351\000r\000o\000u\000l\000e\000m\000e\000n\000t\000\040\000d\000e\000\040\000l\000a\000\040\000m\000i\000s\000e\000\040\000\340\000\040\000j\000o\000u\000r}{section.5.3}% 98
\BOOKMARK [1][-]{section.5.4}{\376\377\000M\000i\000s\000e\000\040\000\340\000\040\000j\000o\000u\000r\000\040\000d\000u\000\040\000b\000o\000\356\000t\000i\000e\000r\000\040\000n\000o\000i\000r\000\040\000\050\000U\000n\000i\000x\000\051}{chapter.5}% 99
\BOOKMARK [2][-]{subsection.5.4.1}{\376\377\000P\000r\000\351\000p\000a\000r\000a\000t\000i\000o\000n\000\040\000d\000e\000\040\000l\000'\000o\000r\000d\000i\000n\000a\000t\000e\000u\000r}{section.5.4}% 100
\BOOKMARK [2][-]{subsection.5.4.2}{\376\377\000D\000\351\000r\000o\000u\000l\000e\000m\000e\000n\000t\000\040\000d\000e\000\040\000l\000a\000\040\000m\000i\000s\000e\000\040\000\340\000\040\000j\000o\000u\000r}{section.5.4}% 101
\BOOKMARK [0][-]{appendix.A}{\376\377\000R\000\351\000g\000l\000a\000g\000e\000\040\000s\000u\000r\000\040\000v\000o\000t\000r\000e\000\040\000T\000o\000M\000+\000\040\000\050\000T\000w\000i\000z\000y\000-\000c\000f\000g\000\051}{}% 102
\BOOKMARK [1][-]{appendix.A.1}{\376\377\000Q\000u\000'\000e\000s\000t\000-\000c\000e\000\040\000q\000u\000e\000\040\000T\000w\000i\000z\000y\000-\000c\000f\000g\000\040\000?}{appendix.A}% 103
\BOOKMARK [1][-]{appendix.A.2}{\376\377\000P\000r\000\351\000r\000e\000q\000u\000i\000s\000\040\000a\000v\000a\000n\000t\000\040\000d\000e\000\040\000c\000o\000m\000m\000e\000n\000c\000e\000r}{appendix.A}% 104
\BOOKMARK [1][-]{appendix.A.3}{\376\377\000L\000e\000\040\000f\000l\000u\000x\000\040\000d\000e\000\040\000t\000r\000a\000v\000a\000i\000l\000\040\000d\000e\000\040\000m\000i\000s\000e\000\040\000\340\000\040\000j\000o\000u\000r}{appendix.A}% 105
\BOOKMARK [0][-]{appendix.B}{\376\377\000C\000o\000n\000t\000r\000\364\000l\000e\000\040\000d\000e\000\040\000l\000'\000i\000n\000t\000e\000r\000r\000u\000p\000t\000e\000u\000r\000\040\000W\000i\000F\000i\000\040\000T\000a\000s\000m\000o\000t\000a}{}% 106
\BOOKMARK [1][-]{appendix.B.1}{\376\377\000Q\000u\000e\000\040\000s\000o\000n\000t\000\040\000l\000e\000s\000\040\000i\000n\000t\000e\000r\000r\000u\000p\000t\000e\000u\000r\000s\000/\000p\000r\000i\000s\000e\000s\000\040\000W\000i\000F\000i\000\040\000?}{appendix.B}% 107
\BOOKMARK [1][-]{appendix.B.2}{\376\377\000P\000r\000\351\000r\000e\000q\000u\000i\000s\000\040\000a\000v\000a\000n\000t\000\040\000d\000e\000\040\000c\000o\000m\000m\000e\000n\000c\000e\000r}{appendix.B}% 108
\BOOKMARK [1][-]{appendix.B.3}{\376\377\000C\000o\000n\000f\000i\000g\000u\000r\000a\000t\000i\000o\000n\000\040\000M\000Q\000T\000T\000\040\000d\000e\000\040\000T\000a\000s\000m\000o\000t\000a}{appendix.B}% 109
\BOOKMARK [1][-]{appendix.B.4}{\376\377\000C\000o\000n\000f\000i\000g\000u\000r\000a\000t\000i\000o\000n\000\040\000T\000a\000s\000m\000o\000t\000a\000\040\000s\000u\000r\000\040\000T\000o\000M\000+}{appendix.B}% 110
\BOOKMARK [1][-]{appendix.B.5}{\376\377\000P\000r\000o\000b\000l\000\350\000m\000e\000s\000\040\000c\000o\000u\000r\000a\000n\000t\000s\000\040\000e\000t\000\040\000s\000o\000l\000u\000t\000i\000o\000n\000s}{appendix.B}% 111
